src/constants.ts(8,5): error TS2322: Type '"Supervisor N2"' is not assignable to type '"operator" | "admin" | "viewer"'.
src/constants.ts(17,5): error TS2322: Type '"Operador NOC"' is not assignable to type '"operator" | "admin" | "viewer"'.
src/constants.ts(26,5): error TS2322: Type '"T├®cnico de Campo"' is not assignable to type '"operator" | "admin" | "viewer"'.
src/constants.ts(35,5): error TS2322: Type '"Gest├úo Operacional"' is not assignable to type '"operator" | "admin" | "viewer"'.
src/constants.ts(49,5): error TS2322: Type '"critical"' is not assignable to type '"open" | "closed" | "investigating"'.
src/constants.ts(57,5): error TS2322: Type '"pending"' is not assignable to type '"open" | "closed" | "investigating"'.
src/pages/Indicators.tsx(38,14): error TS2741: Property 'refreshTrigger' is missing in type '{}' but required in type 'RecurrenceChartsProps'.
